=== jasl-spark-3 units @ 72f5a30158 Sun Aug  2 05:39:09 AM CST 2026 ===
### A. DSv4 kernels ###
  229 passed, 12 skipped, 46 warnings in 46.02s
### B. DSv4 attention backends ###
  6 passed, 14 warnings in 4.75s
### C. spec decode / dspark config ###
  40 passed, 14 warnings in 19.08s
### D. kv offload (compact + upstream mmap region) ###
  715 passed, 1 skipped, 14 warnings in 133.96s (0:02:13)
### E. core scheduler + prefix cache ###
  E       pydantic_core._pydantic_core.ValidationError: 1 validation error for ParallelConfig
  E         Value error, World size (2) is larger than the number of available GPUs (1) in this node. If this is intentional and you are using:
  E       - multiprocessing, set '--nnodes' appropriately. [type=value_error, input_value=ArgsKwargs((), {'pipeline...data_parallel_size': 1}), input_type=ArgsKwargs]
  E           For further information visit https://errors.pydantic.dev/2.13/v/value_error
  FAILED tests/v1/core/test_scheduler.py::test_async_scheduling_pp_allows_rescheduling_with_output_placeholders
  1 failed, 232 passed, 15 warnings in 212.71s (0:03:32)
### F. kernel warmup (restructured into deepseek_v4_sm12x_warmup.py) ###
  2 passed, 14 warnings in 0.51s
### G. DSv4 tokenizer / prompt encoding ###
  44 passed, 14 warnings in 6.24s
### H. functionalization pass (op split changed the mutated-args maps) ###
  16 passed, 31 warnings in 152.90s (0:02:32)
UNITS_41_DONE
