=== jasl-spark-3 units @ 9a94c54292 Sun Aug  2 01:38:23 AM CST 2026 ===
### A. DSv4 kernels ###
  226 passed, 12 skipped, 46 warnings in 112.30s (0:01:52)
### B. DSv4 attention backends ###
  6 passed, 14 warnings in 5.79s
### C. spec decode / dspark config ###
  40 passed, 14 warnings in 22.84s
### D. kv offload (compact + upstream mmap region) ###
  710 passed, 6 skipped, 14 warnings in 139.10s (0:02:19)
### E. core scheduler + prefix cache ###
  E       pydantic_core._pydantic_core.ValidationError: 1 validation error for ParallelConfig
  E         Value error, World size (2) is larger than the number of available GPUs (1) in this node. If this is intentional and you are using:
  E       - multiprocessing, set '--nnodes' appropriately. [type=value_error, input_value=ArgsKwargs((), {'pipeline...data_parallel_size': 1}), input_type=ArgsKwargs]
  E           For further information visit https://errors.pydantic.dev/2.13/v/value_error
  FAILED tests/v1/core/test_scheduler.py::test_async_scheduling_pp_allows_rescheduling_with_output_placeholders
  1 failed, 232 passed, 15 warnings in 226.32s (0:03:46)
### F. kernel warmup (restructured into deepseek_v4_sm12x_warmup.py) ###
  2 passed, 14 warnings in 0.53s
### G. DSv4 tokenizer / prompt encoding ###
  44 passed, 14 warnings in 6.25s
UNITS_FINAL_DONE
